===== Africa =====
/opt/miniconda3/envs/ed-fire/lib/python3.10/site-packages/optuna/_experimental.py:33: ExperimentalWarning: Argument ``multivariate`` is an experimental feature. The interface can change in the future.
  optuna_warn(
/opt/miniconda3/envs/ed-fire/lib/python3.10/site-packages/optuna/_experimental.py:33: ExperimentalWarning: Argument ``group`` is an experimental feature. The interface can change in the future.
  optuna_warn(
Loading inputs (BA=ED-ModelC-continental, region=Africa, train 2001-2010) ...
  active cells in objective: 7086
  global-betas baseline on this mask: overall=0.5178 (b=0.753 r=0.266 s=0.680 sp=0.387)

TPE n_trials=4000 timeout=2.0h

done, 4000 trials in 24.7 min
Best #3468: overall=0.6347 (b=1.000 r=0.306 s=0.684 sp=0.512)
  vs global-betas baseline 0.5178  (delta +0.1169)
  params: {'beta_leaf': 0.03467379371366286, 'beta_fine': 0.01727670136862507, 'beta_coarse': 0.01185425248561081, 'beta_litter': 0.9009885204253225, 'D_REF': 208.9629885485848}
wrote /Volumes/RICHIE - T7/FIRE_OFFLINE/models/combustion-params-continental-seas/betas.Africa.json
===== S.America =====
/opt/miniconda3/envs/ed-fire/lib/python3.10/site-packages/optuna/_experimental.py:33: ExperimentalWarning: Argument ``multivariate`` is an experimental feature. The interface can change in the future.
  optuna_warn(
/opt/miniconda3/envs/ed-fire/lib/python3.10/site-packages/optuna/_experimental.py:33: ExperimentalWarning: Argument ``group`` is an experimental feature. The interface can change in the future.
  optuna_warn(
Loading inputs (BA=ED-ModelC-continental, region=S.America, train 2001-2010) ...
  active cells in objective: 6450
  global-betas baseline on this mask: overall=0.5425 (b=0.749 r=0.349 s=0.731 sp=0.328)

TPE n_trials=4000 timeout=2.0h

done, 4000 trials in 24.8 min
Best #3203: overall=0.6684 (b=0.999 r=0.333 s=0.780 sp=0.565)
  vs global-betas baseline 0.5425  (delta +0.1259)
  params: {'beta_leaf': 0.7829042691483686, 'beta_fine': 0.6734740156364748, 'beta_coarse': 0.9998396227567363, 'beta_litter': 0.743935611233055, 'D_REF': 615.1100701016137}
wrote /Volumes/RICHIE - T7/FIRE_OFFLINE/models/combustion-params-continental-seas/betas.SAmerica.json
===== N.America =====
/opt/miniconda3/envs/ed-fire/lib/python3.10/site-packages/optuna/_experimental.py:33: ExperimentalWarning: Argument ``multivariate`` is an experimental feature. The interface can change in the future.
  optuna_warn(
/opt/miniconda3/envs/ed-fire/lib/python3.10/site-packages/optuna/_experimental.py:33: ExperimentalWarning: Argument ``group`` is an experimental feature. The interface can change in the future.
  optuna_warn(
Loading inputs (BA=ED-ModelC-continental, region=N.America, train 2001-2010) ...
  active cells in objective: 8507
  global-betas baseline on this mask: overall=0.5457 (b=0.708 r=0.346 s=0.543 sp=0.622)

TPE n_trials=4000 timeout=2.0h

done, 4000 trials in 24.3 min
Best #593: overall=0.6205 (b=0.999 r=0.323 s=0.542 sp=0.536)
  vs global-betas baseline 0.5457  (delta +0.0748)
  params: {'beta_leaf': 0.03075931118918554, 'beta_fine': 0.4977707753684253, 'beta_coarse': 0.547828744572809, 'beta_litter': 0.6622667662635757, 'D_REF': 108.04941465236959}
wrote /Volumes/RICHIE - T7/FIRE_OFFLINE/models/combustion-params-continental-seas/betas.NAmerica.json
===== Boreal =====
/opt/miniconda3/envs/ed-fire/lib/python3.10/site-packages/optuna/_experimental.py:33: ExperimentalWarning: Argument ``multivariate`` is an experimental feature. The interface can change in the future.
  optuna_warn(
/opt/miniconda3/envs/ed-fire/lib/python3.10/site-packages/optuna/_experimental.py:33: ExperimentalWarning: Argument ``group`` is an experimental feature. The interface can change in the future.
  optuna_warn(
Loading inputs (BA=ED-ModelC-continental, region=Boreal, train 2001-2010) ...
  active cells in objective: 9742
  global-betas baseline on this mask: overall=0.4077 (b=0.438 r=0.362 s=0.710 sp=0.136)

TPE n_trials=4000 timeout=2.0h

done, 4000 trials in 23.6 min
Best #1613: overall=0.5010 (b=0.607 r=0.349 s=0.710 sp=0.385)
  vs global-betas baseline 0.4077  (delta +0.0932)
  params: {'beta_leaf': 0.9923660212066402, 'beta_fine': 0.9819218756472098, 'beta_coarse': 0.9983300317930587, 'beta_litter': 0.9976353532554534, 'D_REF': 119.80172740014672}
wrote /Volumes/RICHIE - T7/FIRE_OFFLINE/models/combustion-params-continental-seas/betas.Boreal.json
===== SEAsia =====
/opt/miniconda3/envs/ed-fire/lib/python3.10/site-packages/optuna/_experimental.py:33: ExperimentalWarning: Argument ``multivariate`` is an experimental feature. The interface can change in the future.
  optuna_warn(
/opt/miniconda3/envs/ed-fire/lib/python3.10/site-packages/optuna/_experimental.py:33: ExperimentalWarning: Argument ``group`` is an experimental feature. The interface can change in the future.
  optuna_warn(
Loading inputs (BA=ED-ModelC-continental, region=SEAsia, train 2001-2010) ...
  active cells in objective: 4490
  global-betas baseline on this mask: overall=0.5750 (b=0.775 r=0.332 s=0.704 sp=0.531)

TPE n_trials=4000 timeout=2.0h

done, 4000 trials in 23.4 min
Best #2709: overall=0.6583 (b=0.998 r=0.324 s=0.744 sp=0.560)
  vs global-betas baseline 0.5750  (delta +0.0833)
  params: {'beta_leaf': 0.40884876160538, 'beta_fine': 0.9219234565972949, 'beta_coarse': 0.9988724902485193, 'beta_litter': 0.31817996668451526, 'D_REF': 658.1144296716269}
wrote /Volumes/RICHIE - T7/FIRE_OFFLINE/models/combustion-params-continental-seas/betas.SEAsia.json
===== Australia =====
/opt/miniconda3/envs/ed-fire/lib/python3.10/site-packages/optuna/_experimental.py:33: ExperimentalWarning: Argument ``multivariate`` is an experimental feature. The interface can change in the future.
  optuna_warn(
/opt/miniconda3/envs/ed-fire/lib/python3.10/site-packages/optuna/_experimental.py:33: ExperimentalWarning: Argument ``group`` is an experimental feature. The interface can change in the future.
  optuna_warn(
Loading inputs (BA=ED-ModelC-continental, region=Australia, train 2001-2010) ...
  active cells in objective: 2918
  global-betas baseline on this mask: overall=0.4184 (b=0.432 r=0.348 s=0.528 sp=0.423)

TPE n_trials=4000 timeout=2.0h

done, 4000 trials in 23.3 min
Best #3897: overall=0.4641 (b=0.492 r=0.309 s=0.532 sp=0.652)
  vs global-betas baseline 0.4184  (delta +0.0457)
  params: {'beta_leaf': 0.6741570645116057, 'beta_fine': 0.5667801668351213, 'beta_coarse': 0.9915422833252947, 'beta_litter': 0.9915146454309147, 'D_REF': 310.68715607005737}
wrote /Volumes/RICHIE - T7/FIRE_OFFLINE/models/combustion-params-continental-seas/betas.Australia.json
===== Europe =====
/opt/miniconda3/envs/ed-fire/lib/python3.10/site-packages/optuna/_experimental.py:33: ExperimentalWarning: Argument ``multivariate`` is an experimental feature. The interface can change in the future.
  optuna_warn(
/opt/miniconda3/envs/ed-fire/lib/python3.10/site-packages/optuna/_experimental.py:33: ExperimentalWarning: Argument ``group`` is an experimental feature. The interface can change in the future.
  optuna_warn(
